Fatal error: exception Failure("Duplicate formal a in bar")
