Fatal error: exception Failure("expecting two arguments in foo(42, true, false, 3)")
