Fatal error: exception Failure("cannot get the length of non-1d-matrix")
