Fatal error: exception Failure("Duplicate global b")
