Fatal error: exception Failure("Function print may not be defined")
