Fatal error: exception Failure("cannot get the width of non-2d-matrix")
