Fatal error: exception Failure("Illegal binary operator bool + int in d + a")
