Fatal error: exception Failure("Illegal binary operator int + float in a + b")
