Fatal error: exception Failure("Unrecognized function foo")
