Fatal error: exception Exceptions.MatrixOutOfBounds
