
fdecl { 
bool main(age) {
vdecl { 
bool id isTrue;
}
Assign { isTrue =  bool_lit false };
print(int_lit 1);
} 
}
