
int main()
{
if (1 == 1)
{
prints(success);
}
else
{
prints(failure);
}
} 
