
int main()
{
int x;
x =  5;
if (x == 4)
{
prints(success);
}
else
{
prints(failure);
}
} 
