
fdecl { 
bool main() {
vdecl { 
matrix { int [2][1] } id m;
}
} 
}
