
fdecl { 
bool main() {
vdecl { 
matrix { int [5] } id x;
}
} 
}
