
int main()
{
int[2][2] y;
int[][] p;
p =  %%y;
} 
