
fdecl { 
int main() {
while (bool_lit true) {
}
} 
}
