LPAREN
RPAREN
LBRACK
RBRACK
LCURLY
RCURLY
SEMI
COMMA
COLON
PLUS
MINUS
TIMES
DIVIDE
ASSIGN
EQ
NEQ
LT
LEQ
GT
GEQ
AND
OR
NOT
IF
ELSE
ELIF
FOR
WHILE
RETURN
TRUE
FALSE
CHAR
INT
FLOAT
BOOL
INTLITERAL
FLOATLITERAL
ID
CHARLITERAL
STRINGLITERAL
OCTOTHORP
PERCENT
